<html>
<body>
<pre>
<h1>µVision Build Log</h1>
<h2>Tool Versions:</h2>
IDE-Version: ¦ÌVision V5.29.0.0
Copyright (C) 2019 ARM Ltd and ARM Germany GmbH. All rights reserved.
License Information: A AA, AAA, LIC=Z3CX7-E1Y31-C05N2-9ET1L-I7FGA-NVRDT
 
Tool Versions:
Toolchain:       MDK-ARM Professional  Version: 5.29.0.0
Toolchain Path:  D:\Program Files\Keil_v5\ARM\ARMCC\Bin
C Compiler:      Armcc.exe V5.06 update 6 (build 750)
Assembler:       Armasm.exe V5.06 update 6 (build 750)
Linker/Locator:  ArmLink.exe V5.06 update 6 (build 750)
Library Manager: ArmAr.exe V5.06 update 6 (build 750)
Hex Converter:   FromElf.exe V5.06 update 6 (build 750)
CPU DLL:         SARMCM3.DLL V5.29.0.0
Dialog DLL:      DCM.DLL V1.17.3.0
Target DLL:      STLink\ST-LINKIII-KEIL_SWO.dll V3.0.7.0
Dialog DLL:      TCM.DLL V1.36.5.0
 
<h2>Project:</h2>
D:\FYF\GitHub\01MyCode\F767_LWIP_MQTT\MDK-ARM\F767_LWIP.uvprojx
Project File Date:  08/25/2020

<h2>Output:</h2>
*** Using Compiler 'V5.06 update 6 (build 750)', folder: 'D:\Program Files\Keil_v5\ARM\ARMCC\Bin'
Build target 'F767_LWIP'
compiling dma.c...
compiling tim.c...
compiling usb_otg.c...
compiling stm32f7xx_hal_msp.c...
compiling usart.c...
compiling gpio.c...
compiling stm32f7xx_it.c...
compiling ethernetif.c...
compiling lwip.c...
compiling main.c...
compiling stm32f7xx_hal_eth.c...
compiling stm32f7xx_hal_rcc.c...
compiling stm32f7xx_hal_rcc_ex.c...
compiling stm32f7xx_hal_flash_ex.c...
compiling stm32f7xx_hal_pwr.c...
compiling stm32f7xx_hal_gpio.c...
compiling stm32f7xx_hal_flash.c...
compiling stm32f7xx_hal_pwr_ex.c...
compiling stm32f7xx_hal_cortex.c...
compiling stm32f7xx_hal.c...
compiling stm32f7xx_hal_dma.c...
compiling stm32f7xx_hal_dma_ex.c...
compiling stm32f7xx_hal_i2c_ex.c...
compiling stm32f7xx_hal_exti.c...
compiling stm32f7xx_hal_pcd_ex.c...
compiling system_stm32f7xx.c...
compiling stm32f7xx_hal_uart_ex.c...
compiling stm32f7xx_hal_tim_ex.c...
compiling stm32f7xx_hal_pcd.c...
compiling stm32f7xx_hal_uart.c...
compiling stm32f7xx_ll_usb.c...
compiling stm32f7xx_hal_i2c.c...
compiling stm32f7xx_hal_tim.c...
compiling auth.c...
compiling ccp.c...
compiling chap_ms.c...
compiling chap-md5.c...
compiling demand.c...
compiling chap-new.c...
compiling eap.c...
compiling eui64.c...
compiling fsm.c...
compiling ipcp.c...
compiling ipv6cp.c...
compiling magic.c...
compiling lcp.c...
compiling mppe.c...
compiling multilink.c...
compiling pppapi.c...
compiling ppp.c...
compiling pppcrypt.c...
compiling pppoe.c...
compiling pppol2tp.c...
compiling pppos.c...
compiling upap.c...
compiling utils.c...
compiling vj.c...
compiling bridgeif.c...
compiling bridgeif_fdb.c...
compiling lowpan6.c...
compiling lowpan6_ble.c...
compiling lowpan6_common.c...
compiling ethernet.c...
compiling zepif.c...
compiling api_lib.c...
compiling ecp.c...
compiling slipif.c...
compiling api_msg.c...
compiling err.c...
compiling if_api.c...
compiling netbuf.c...
compiling netdb.c...
compiling netifapi.c...
compiling altcp_tcp.c...
compiling tcpip.c...
compiling altcp.c...
compiling sockets.c...
compiling altcp_alloc.c...
compiling def.c...
compiling dns.c...
compiling inet_chksum.c...
compiling init.c...
compiling ip.c...
compiling stats.c...
compiling raw.c...
compiling sys.c...
compiling mem.c...
compiling memp.c...
compiling netif.c...
compiling pbuf.c...
compiling tcp.c...
compiling autoip.c...
compiling timeouts.c...
compiling icmp.c...
compiling igmp.c...
compiling udp.c...
compiling ip4.c...
compiling tcp_in.c...
compiling etharp.c...
compiling ip4_addr.c...
compiling tcp_out.c...
compiling dhcp.c...
compiling dhcp6.c...
compiling icmp6.c...
compiling ethip6.c...
compiling ip6.c...
compiling inet6.c...
compiling ip6_addr.c...
compiling ip4_frag.c...
compiling ip6_frag.c...
compiling mld6.c...
compiling nd6.c...
compiling mqtt.c...
compiling tcp_client.c...
compiling user_task.c...
compiling tool.c...
compiling printf.c...
compiling kfifo.c...
linking...
Program Size: Code=68848 RO-data=1236 RW-data=572 ZI-data=35076  
FromELF: creating hex file...
"F767_LWIP\F767_LWIP.axf" - 0 Error(s), 0 Warning(s).

<h2>Software Packages used:</h2>

Package Vendor: ARM
                http://www.keil.com/pack/ARM.CMSIS.5.6.0.pack
                ARM.CMSIS.5.6.0
                CMSIS (Cortex Microcontroller Software Interface Standard)
   * Component: CORE Version: 5.3.0

Package Vendor: STMicroelectronics
                http://www.ST.com/STMicroelectronics.STM32F7xx_DFP.1.0.3.pack
                STMicroelectronics.STM32F7xx_DFP.1.0.3
                STMicroelectronics STM32F7 Series Device Support, Drivers and Examples

<h2>Collection of Component include folders:</h2>
  .\RTE\_F767_LWIP
  D:\Program Files\Keil_v5\ARM\PACK\ARM\CMSIS\5.6.0\CMSIS\Core\Include
  D:\Program Files\Keil_v5\ARM\PACK\STMicroelectronics\STM32F7xx_DFP\1.0.3\Device\Include

<h2>Collection of Component Files used:</h2>

   * Component: ARM::CMSIS:CORE:5.3.0
Build Time Elapsed:  00:00:15
</pre>
</body>
</html>
